
Time: 21/1/2026, 4:53:22 pm
CPU: Intel(R) Core(TM) i5-7300U CPU @ 2.60GHz
Total Memory: 8109.11 MB
Free Memory: 805.71 MB
Platform: win32
---------------------------

Time: 21/1/2026, 4:53:27 pm
CPU: Intel(R) Core(TM) i5-7300U CPU @ 2.60GHz
Total Memory: 8109.11 MB
Free Memory: 752.88 MB
Platform: win32
---------------------------

Time: 21/1/2026, 4:53:32 pm
CPU: Intel(R) Core(TM) i5-7300U CPU @ 2.60GHz
Total Memory: 8109.11 MB
Free Memory: 752.06 MB
Platform: win32
---------------------------

Time: 21/1/2026, 4:53:37 pm
CPU: Intel(R) Core(TM) i5-7300U CPU @ 2.60GHz
Total Memory: 8109.11 MB
Free Memory: 784.20 MB
Platform: win32
---------------------------

Time: 21/1/2026, 4:53:42 pm
CPU: Intel(R) Core(TM) i5-7300U CPU @ 2.60GHz
Total Memory: 8109.11 MB
Free Memory: 783.44 MB
Platform: win32
---------------------------

Time: 21/1/2026, 4:53:47 pm
CPU: Intel(R) Core(TM) i5-7300U CPU @ 2.60GHz
Total Memory: 8109.11 MB
Free Memory: 780.37 MB
Platform: win32
---------------------------
